[871982211ms] [ERROR] Failed to load resource: the server responded with a status of 401 (Unauthorized) @ https://events.backtrace.io/api/summed-events/submit?universe=UNIVERSE&token=TOKEN:0
[871982214ms] [ERROR] Failed to load resource: the server responded with a status of 401 (Unauthorized) @ https://events.backtrace.io/api/unique-events/submit?universe=UNIVERSE&token=TOKEN:0
[871993013ms] [ERROR] Failed to load resource: the server responded with a status of 401 (Unauthorized) @ https://events.backtrace.io/api/summed-events/submit?universe=UNIVERSE&token=TOKEN:0
[871993062ms] [ERROR] Failed to load resource: the server responded with a status of 401 (Unauthorized) @ https://events.backtrace.io/api/unique-events/submit?universe=UNIVERSE&token=TOKEN:0
[872013882ms] [ERROR] Failed to load resource: the server responded with a status of 401 (Unauthorized) @ https://events.backtrace.io/api/unique-events/submit?universe=UNIVERSE&token=TOKEN:0
[872013894ms] [ERROR] Failed to load resource: the server responded with a status of 401 (Unauthorized) @ https://events.backtrace.io/api/summed-events/submit?universe=UNIVERSE&token=TOKEN:0
[873782287ms] [ERROR] Failed to load resource: the server responded with a status of 401 (Unauthorized) @ https://events.backtrace.io/api/unique-events/submit?universe=UNIVERSE&token=TOKEN:0
[873782352ms] [ERROR] Failed to load resource: the server responded with a status of 401 (Unauthorized) @ https://events.backtrace.io/api/summed-events/submit?universe=UNIVERSE&token=TOKEN:0
[873793089ms] [ERROR] Failed to load resource: the server responded with a status of 401 (Unauthorized) @ https://events.backtrace.io/api/unique-events/submit?universe=UNIVERSE&token=TOKEN:0
[873793178ms] [ERROR] Failed to load resource: the server responded with a status of 401 (Unauthorized) @ https://events.backtrace.io/api/summed-events/submit?universe=UNIVERSE&token=TOKEN:0
[873813956ms] [ERROR] Failed to load resource: the server responded with a status of 401 (Unauthorized) @ https://events.backtrace.io/api/unique-events/submit?universe=UNIVERSE&token=TOKEN:0
[873814044ms] [ERROR] Failed to load resource: the server responded with a status of 401 (Unauthorized) @ https://events.backtrace.io/api/summed-events/submit?universe=UNIVERSE&token=TOKEN:0
[881610824ms] [ERROR] Failed to load resource: net::ERR_NETWORK_CHANGED @ https://events.backtrace.io/api/unique-events/submit?universe=UNIVERSE&token=TOKEN:0
[881610826ms] [ERROR] Failed to load resource: net::ERR_NETWORK_CHANGED @ https://events.backtrace.io/api/summed-events/submit?universe=UNIVERSE&token=TOKEN:0
[882804772ms] [ERROR] Failed to load resource: net::ERR_NETWORK_CHANGED @ https://events.backtrace.io/api/unique-events/submit?universe=UNIVERSE&token=TOKEN:0
[882804774ms] [ERROR] Failed to load resource: net::ERR_NETWORK_CHANGED @ https://events.backtrace.io/api/summed-events/submit?universe=UNIVERSE&token=TOKEN:0
[884508069ms] [ERROR] Failed to load resource: the server responded with a status of 401 (Unauthorized) @ https://events.backtrace.io/api/summed-events/submit?universe=UNIVERSE&token=TOKEN:0
[884508175ms] [ERROR] Failed to load resource: the server responded with a status of 401 (Unauthorized) @ https://events.backtrace.io/api/unique-events/submit?universe=UNIVERSE&token=TOKEN:0
[909325457ms] [ERROR] Failed to load resource: the server responded with a status of 401 (Unauthorized) @ https://events.backtrace.io/api/summed-events/submit?universe=UNIVERSE&token=TOKEN:0
[909325585ms] [ERROR] Failed to load resource: the server responded with a status of 401 (Unauthorized) @ https://events.backtrace.io/api/unique-events/submit?universe=UNIVERSE&token=TOKEN:0
[909336330ms] [ERROR] Failed to load resource: the server responded with a status of 401 (Unauthorized) @ https://events.backtrace.io/api/summed-events/submit?universe=UNIVERSE&token=TOKEN:0
[909336539ms] [ERROR] Failed to load resource: the server responded with a status of 401 (Unauthorized) @ https://events.backtrace.io/api/unique-events/submit?universe=UNIVERSE&token=TOKEN:0
[909357132ms] [ERROR] Failed to load resource: the server responded with a status of 401 (Unauthorized) @ https://events.backtrace.io/api/summed-events/submit?universe=UNIVERSE&token=TOKEN:0
[909357518ms] [ERROR] Failed to load resource: the server responded with a status of 401 (Unauthorized) @ https://events.backtrace.io/api/unique-events/submit?universe=UNIVERSE&token=TOKEN:0
[911125353ms] [ERROR] Failed to load resource: the server responded with a status of 401 (Unauthorized) @ https://events.backtrace.io/api/summed-events/submit?universe=UNIVERSE&token=TOKEN:0
[911125535ms] [ERROR] Failed to load resource: the server responded with a status of 401 (Unauthorized) @ https://events.backtrace.io/api/unique-events/submit?universe=UNIVERSE&token=TOKEN:0
[911136240ms] [ERROR] Failed to load resource: the server responded with a status of 401 (Unauthorized) @ https://events.backtrace.io/api/summed-events/submit?universe=UNIVERSE&token=TOKEN:0
[911136503ms] [ERROR] Failed to load resource: the server responded with a status of 401 (Unauthorized) @ https://events.backtrace.io/api/unique-events/submit?universe=UNIVERSE&token=TOKEN:0
[911157116ms] [ERROR] Failed to load resource: the server responded with a status of 401 (Unauthorized) @ https://events.backtrace.io/api/summed-events/submit?universe=UNIVERSE&token=TOKEN:0
[911157628ms] [ERROR] Failed to load resource: the server responded with a status of 401 (Unauthorized) @ https://events.backtrace.io/api/unique-events/submit?universe=UNIVERSE&token=TOKEN:0
[914258556ms] [ERROR] Failed to load resource: the server responded with a status of 401 (Unauthorized) @ https://events.backtrace.io/api/summed-events/submit?universe=UNIVERSE&token=TOKEN:0
[914258688ms] [ERROR] Failed to load resource: the server responded with a status of 401 (Unauthorized) @ https://events.backtrace.io/api/unique-events/submit?universe=UNIVERSE&token=TOKEN:0
[914269422ms] [ERROR] Failed to load resource: the server responded with a status of 401 (Unauthorized) @ https://events.backtrace.io/api/summed-events/submit?universe=UNIVERSE&token=TOKEN:0
[914269633ms] [ERROR] Failed to load resource: the server responded with a status of 401 (Unauthorized) @ https://events.backtrace.io/api/unique-events/submit?universe=UNIVERSE&token=TOKEN:0
[914290298ms] [ERROR] Failed to load resource: the server responded with a status of 401 (Unauthorized) @ https://events.backtrace.io/api/summed-events/submit?universe=UNIVERSE&token=TOKEN:0
[914290639ms] [ERROR] Failed to load resource: the server responded with a status of 401 (Unauthorized) @ https://events.backtrace.io/api/unique-events/submit?universe=UNIVERSE&token=TOKEN:0
[918317380ms] [ERROR] Failed to load resource: the server responded with a status of 401 (Unauthorized) @ https://events.backtrace.io/api/summed-events/submit?universe=UNIVERSE&token=TOKEN:0
[918317563ms] [ERROR] Failed to load resource: the server responded with a status of 401 (Unauthorized) @ https://events.backtrace.io/api/unique-events/submit?universe=UNIVERSE&token=TOKEN:0
[918328231ms] [ERROR] Failed to load resource: the server responded with a status of 401 (Unauthorized) @ https://events.backtrace.io/api/summed-events/submit?universe=UNIVERSE&token=TOKEN:0
[918328495ms] [ERROR] Failed to load resource: the server responded with a status of 401 (Unauthorized) @ https://events.backtrace.io/api/unique-events/submit?universe=UNIVERSE&token=TOKEN:0
[918349049ms] [ERROR] Failed to load resource: the server responded with a status of 401 (Unauthorized) @ https://events.backtrace.io/api/summed-events/submit?universe=UNIVERSE&token=TOKEN:0
[918349464ms] [ERROR] Failed to load resource: the server responded with a status of 401 (Unauthorized) @ https://events.backtrace.io/api/unique-events/submit?universe=UNIVERSE&token=TOKEN:0
[920310313ms] [ERROR] Failed to load resource: the server responded with a status of 401 (Unauthorized) @ https://events.backtrace.io/api/summed-events/submit?universe=UNIVERSE&token=TOKEN:0
[920310434ms] [ERROR] Failed to load resource: the server responded with a status of 401 (Unauthorized) @ https://events.backtrace.io/api/unique-events/submit?universe=UNIVERSE&token=TOKEN:0
[920321130ms] [ERROR] Failed to load resource: the server responded with a status of 401 (Unauthorized) @ https://events.backtrace.io/api/summed-events/submit?universe=UNIVERSE&token=TOKEN:0
[920321404ms] [ERROR] Failed to load resource: the server responded with a status of 401 (Unauthorized) @ https://events.backtrace.io/api/unique-events/submit?universe=UNIVERSE&token=TOKEN:0
[920341946ms] [ERROR] Failed to load resource: the server responded with a status of 401 (Unauthorized) @ https://events.backtrace.io/api/summed-events/submit?universe=UNIVERSE&token=TOKEN:0
[920342323ms] [ERROR] Failed to load resource: the server responded with a status of 401 (Unauthorized) @ https://events.backtrace.io/api/unique-events/submit?universe=UNIVERSE&token=TOKEN:0
[922227205ms] [ERROR] Failed to load resource: the server responded with a status of 401 (Unauthorized) @ https://events.backtrace.io/api/summed-events/submit?universe=UNIVERSE&token=TOKEN:0
[922227328ms] [ERROR] Failed to load resource: the server responded with a status of 401 (Unauthorized) @ https://events.backtrace.io/api/unique-events/submit?universe=UNIVERSE&token=TOKEN:0
[922238049ms] [ERROR] Failed to load resource: the server responded with a status of 401 (Unauthorized) @ https://events.backtrace.io/api/summed-events/submit?universe=UNIVERSE&token=TOKEN:0
[922238264ms] [ERROR] Failed to load resource: the server responded with a status of 401 (Unauthorized) @ https://events.backtrace.io/api/unique-events/submit?universe=UNIVERSE&token=TOKEN:0
[922258884ms] [ERROR] Failed to load resource: the server responded with a status of 401 (Unauthorized) @ https://events.backtrace.io/api/summed-events/submit?universe=UNIVERSE&token=TOKEN:0
[922259187ms] [ERROR] Failed to load resource: the server responded with a status of 401 (Unauthorized) @ https://events.backtrace.io/api/unique-events/submit?universe=UNIVERSE&token=TOKEN:0
[926015715ms] [ERROR] Failed to load resource: the server responded with a status of 401 (Unauthorized) @ https://events.backtrace.io/api/summed-events/submit?universe=UNIVERSE&token=TOKEN:0
[926015837ms] [ERROR] Failed to load resource: the server responded with a status of 401 (Unauthorized) @ https://events.backtrace.io/api/unique-events/submit?universe=UNIVERSE&token=TOKEN:0
[926026511ms] [ERROR] Failed to load resource: the server responded with a status of 401 (Unauthorized) @ https://events.backtrace.io/api/summed-events/submit?universe=UNIVERSE&token=TOKEN:0
[926026782ms] [ERROR] Failed to load resource: the server responded with a status of 401 (Unauthorized) @ https://events.backtrace.io/api/unique-events/submit?universe=UNIVERSE&token=TOKEN:0
[926047323ms] [ERROR] Failed to load resource: the server responded with a status of 401 (Unauthorized) @ https://events.backtrace.io/api/summed-events/submit?universe=UNIVERSE&token=TOKEN:0
[926047765ms] [ERROR] Failed to load resource: the server responded with a status of 401 (Unauthorized) @ https://events.backtrace.io/api/unique-events/submit?universe=UNIVERSE&token=TOKEN:0
[930419718ms] [ERROR] Failed to load resource: net::ERR_CONNECTION_RESET @ https://events.backtrace.io/api/unique-events/submit?universe=UNIVERSE&token=TOKEN:0
[930419720ms] [ERROR] Failed to load resource: net::ERR_CONNECTION_RESET @ https://events.backtrace.io/api/summed-events/submit?universe=UNIVERSE&token=TOKEN:0
[930430538ms] [ERROR] Failed to load resource: the server responded with a status of 401 (Unauthorized) @ https://events.backtrace.io/api/summed-events/submit?universe=UNIVERSE&token=TOKEN:0
[930430670ms] [ERROR] Failed to load resource: the server responded with a status of 401 (Unauthorized) @ https://events.backtrace.io/api/unique-events/submit?universe=UNIVERSE&token=TOKEN:0
[930451348ms] [ERROR] Failed to load resource: the server responded with a status of 401 (Unauthorized) @ https://events.backtrace.io/api/summed-events/submit?universe=UNIVERSE&token=TOKEN:0
[930451599ms] [ERROR] Failed to load resource: the server responded with a status of 401 (Unauthorized) @ https://events.backtrace.io/api/unique-events/submit?universe=UNIVERSE&token=TOKEN:0
[952114174ms] [ERROR] Failed to load resource: the server responded with a status of 401 (Unauthorized) @ https://events.backtrace.io/api/summed-events/submit?universe=UNIVERSE&token=TOKEN:0
[952114340ms] [ERROR] Failed to load resource: the server responded with a status of 401 (Unauthorized) @ https://events.backtrace.io/api/unique-events/submit?universe=UNIVERSE&token=TOKEN:0
[952124987ms] [ERROR] Failed to load resource: the server responded with a status of 401 (Unauthorized) @ https://events.backtrace.io/api/summed-events/submit?universe=UNIVERSE&token=TOKEN:0
[952125334ms] [ERROR] Failed to load resource: the server responded with a status of 401 (Unauthorized) @ https://events.backtrace.io/api/unique-events/submit?universe=UNIVERSE&token=TOKEN:0
[952145798ms] [ERROR] Failed to load resource: the server responded with a status of 401 (Unauthorized) @ https://events.backtrace.io/api/summed-events/submit?universe=UNIVERSE&token=TOKEN:0
[952146277ms] [ERROR] Failed to load resource: the server responded with a status of 401 (Unauthorized) @ https://events.backtrace.io/api/unique-events/submit?universe=UNIVERSE&token=TOKEN:0
[973611588ms] [ERROR] Failed to load resource: the server responded with a status of 401 (Unauthorized) @ https://events.backtrace.io/api/summed-events/submit?universe=UNIVERSE&token=TOKEN:0
[973611746ms] [ERROR] Failed to load resource: the server responded with a status of 401 (Unauthorized) @ https://events.backtrace.io/api/unique-events/submit?universe=UNIVERSE&token=TOKEN:0
[973830714ms] [ERROR] Failed to load resource: the server responded with a status of 401 (Unauthorized) @ https://events.backtrace.io/api/summed-events/submit?universe=UNIVERSE&token=TOKEN:0
[973830988ms] [ERROR] Failed to load resource: the server responded with a status of 401 (Unauthorized) @ https://events.backtrace.io/api/unique-events/submit?universe=UNIVERSE&token=TOKEN:0
[973851832ms] [ERROR] Failed to load resource: the server responded with a status of 401 (Unauthorized) @ https://events.backtrace.io/api/summed-events/submit?universe=UNIVERSE&token=TOKEN:0
[973852090ms] [ERROR] Failed to load resource: the server responded with a status of 401 (Unauthorized) @ https://events.backtrace.io/api/unique-events/submit?universe=UNIVERSE&token=TOKEN:0
[992461192ms] [ERROR] Failed to load resource: the server responded with a status of 401 (Unauthorized) @ https://events.backtrace.io/api/summed-events/submit?universe=UNIVERSE&token=TOKEN:0
[992461340ms] [ERROR] Failed to load resource: the server responded with a status of 401 (Unauthorized) @ https://events.backtrace.io/api/unique-events/submit?universe=UNIVERSE&token=TOKEN:0
[992472116ms] [ERROR] Failed to load resource: the server responded with a status of 401 (Unauthorized) @ https://events.backtrace.io/api/summed-events/submit?universe=UNIVERSE&token=TOKEN:0
[992472637ms] [ERROR] Failed to load resource: the server responded with a status of 401 (Unauthorized) @ https://events.backtrace.io/api/unique-events/submit?universe=UNIVERSE&token=TOKEN:0
[992492945ms] [ERROR] Failed to load resource: the server responded with a status of 401 (Unauthorized) @ https://events.backtrace.io/api/summed-events/submit?universe=UNIVERSE&token=TOKEN:0
[992493580ms] [ERROR] Failed to load resource: the server responded with a status of 401 (Unauthorized) @ https://events.backtrace.io/api/unique-events/submit?universe=UNIVERSE&token=TOKEN:0
[1005551941ms] [ERROR] Failed to load resource: the server responded with a status of 401 (Unauthorized) @ https://events.backtrace.io/api/summed-events/submit?universe=UNIVERSE&token=TOKEN:0
[1005552098ms] [ERROR] Failed to load resource: the server responded with a status of 401 (Unauthorized) @ https://events.backtrace.io/api/unique-events/submit?universe=UNIVERSE&token=TOKEN:0
[1005562774ms] [ERROR] Failed to load resource: the server responded with a status of 401 (Unauthorized) @ https://events.backtrace.io/api/summed-events/submit?universe=UNIVERSE&token=TOKEN:0
[1005563039ms] [ERROR] Failed to load resource: the server responded with a status of 401 (Unauthorized) @ https://events.backtrace.io/api/unique-events/submit?universe=UNIVERSE&token=TOKEN:0
[1005724854ms] [ERROR] Failed to load resource: the server responded with a status of 401 (Unauthorized) @ https://events.backtrace.io/api/summed-events/submit?universe=UNIVERSE&token=TOKEN:0
[1005725256ms] [ERROR] Failed to load resource: the server responded with a status of 401 (Unauthorized) @ https://events.backtrace.io/api/unique-events/submit?universe=UNIVERSE&token=TOKEN:0
[1022245558ms] [ERROR] Failed to load resource: the server responded with a status of 401 (Unauthorized) @ https://events.backtrace.io/api/summed-events/submit?universe=UNIVERSE&token=TOKEN:0
[1022245653ms] [ERROR] Failed to load resource: the server responded with a status of 401 (Unauthorized) @ https://events.backtrace.io/api/unique-events/submit?universe=UNIVERSE&token=TOKEN:0
[1022256359ms] [ERROR] Failed to load resource: the server responded with a status of 401 (Unauthorized) @ https://events.backtrace.io/api/summed-events/submit?universe=UNIVERSE&token=TOKEN:0
[1022256575ms] [ERROR] Failed to load resource: the server responded with a status of 401 (Unauthorized) @ https://events.backtrace.io/api/unique-events/submit?universe=UNIVERSE&token=TOKEN:0
[1022282722ms] [ERROR] Failed to load resource: the server responded with a status of 401 (Unauthorized) @ https://events.backtrace.io/api/summed-events/submit?universe=UNIVERSE&token=TOKEN:0
[1022283074ms] [ERROR] Failed to load resource: the server responded with a status of 401 (Unauthorized) @ https://events.backtrace.io/api/unique-events/submit?universe=UNIVERSE&token=TOKEN:0
[1038626971ms] [ERROR] Failed to load resource: the server responded with a status of 401 (Unauthorized) @ https://events.backtrace.io/api/summed-events/submit?universe=UNIVERSE&token=TOKEN:0
[1038627181ms] [ERROR] Failed to load resource: the server responded with a status of 401 (Unauthorized) @ https://events.backtrace.io/api/unique-events/submit?universe=UNIVERSE&token=TOKEN:0
[1038638031ms] [ERROR] Failed to load resource: the server responded with a status of 401 (Unauthorized) @ https://events.backtrace.io/api/summed-events/submit?universe=UNIVERSE&token=TOKEN:0
[1038638386ms] [ERROR] Failed to load resource: the server responded with a status of 401 (Unauthorized) @ https://events.backtrace.io/api/unique-events/submit?universe=UNIVERSE&token=TOKEN:0
[1038659830ms] [ERROR] Failed to load resource: the server responded with a status of 401 (Unauthorized) @ https://events.backtrace.io/api/summed-events/submit?universe=UNIVERSE&token=TOKEN:0
[1038660346ms] [ERROR] Failed to load resource: the server responded with a status of 401 (Unauthorized) @ https://events.backtrace.io/api/unique-events/submit?universe=UNIVERSE&token=TOKEN:0
[1067448938ms] [ERROR] Failed to load resource: the server responded with a status of 401 (Unauthorized) @ https://events.backtrace.io/api/summed-events/submit?universe=UNIVERSE&token=TOKEN:0
[1067449062ms] [ERROR] Failed to load resource: the server responded with a status of 401 (Unauthorized) @ https://events.backtrace.io/api/unique-events/submit?universe=UNIVERSE&token=TOKEN:0
[1068100152ms] [ERROR] Failed to load resource: the server responded with a status of 401 (Unauthorized) @ https://events.backtrace.io/api/summed-events/submit?universe=UNIVERSE&token=TOKEN:0
[1068100352ms] [ERROR] Failed to load resource: the server responded with a status of 401 (Unauthorized) @ https://events.backtrace.io/api/unique-events/submit?universe=UNIVERSE&token=TOKEN:0
[1068120957ms] [ERROR] Failed to load resource: the server responded with a status of 401 (Unauthorized) @ https://events.backtrace.io/api/summed-events/submit?universe=UNIVERSE&token=TOKEN:0
[1068121335ms] [ERROR] Failed to load resource: the server responded with a status of 401 (Unauthorized) @ https://events.backtrace.io/api/unique-events/submit?universe=UNIVERSE&token=TOKEN:0
[1091961657ms] [ERROR] Failed to load resource: the server responded with a status of 401 (Unauthorized) @ https://events.backtrace.io/api/summed-events/submit?universe=UNIVERSE&token=TOKEN:0
[1091961838ms] [ERROR] Failed to load resource: the server responded with a status of 401 (Unauthorized) @ https://events.backtrace.io/api/unique-events/submit?universe=UNIVERSE&token=TOKEN:0
[1092491255ms] [ERROR] Failed to load resource: the server responded with a status of 401 (Unauthorized) @ https://events.backtrace.io/api/summed-events/submit?universe=UNIVERSE&token=TOKEN:0
[1092491605ms] [ERROR] Failed to load resource: the server responded with a status of 401 (Unauthorized) @ https://events.backtrace.io/api/unique-events/submit?universe=UNIVERSE&token=TOKEN:0
[1092512083ms] [ERROR] Failed to load resource: the server responded with a status of 401 (Unauthorized) @ https://events.backtrace.io/api/summed-events/submit?universe=UNIVERSE&token=TOKEN:0
[1092512548ms] [ERROR] Failed to load resource: the server responded with a status of 401 (Unauthorized) @ https://events.backtrace.io/api/unique-events/submit?universe=UNIVERSE&token=TOKEN:0
[1110923731ms] [ERROR] Failed to load resource: the server responded with a status of 401 (Unauthorized) @ https://events.backtrace.io/api/summed-events/submit?universe=UNIVERSE&token=TOKEN:0
[1110923909ms] [ERROR] Failed to load resource: the server responded with a status of 401 (Unauthorized) @ https://events.backtrace.io/api/unique-events/submit?universe=UNIVERSE&token=TOKEN:0
[1110934590ms] [ERROR] Failed to load resource: the server responded with a status of 401 (Unauthorized) @ https://events.backtrace.io/api/summed-events/submit?universe=UNIVERSE&token=TOKEN:0
[1110934896ms] [ERROR] Failed to load resource: the server responded with a status of 401 (Unauthorized) @ https://events.backtrace.io/api/unique-events/submit?universe=UNIVERSE&token=TOKEN:0
[1111904753ms] [ERROR] Failed to load resource: the server responded with a status of 401 (Unauthorized) @ https://events.backtrace.io/api/summed-events/submit?universe=UNIVERSE&token=TOKEN:0
[1111905125ms] [ERROR] Failed to load resource: the server responded with a status of 401 (Unauthorized) @ https://events.backtrace.io/api/unique-events/submit?universe=UNIVERSE&token=TOKEN:0
[1130197435ms] [ERROR] Failed to load resource: the server responded with a status of 401 (Unauthorized) @ https://events.backtrace.io/api/summed-events/submit?universe=UNIVERSE&token=TOKEN:0
[1130197562ms] [ERROR] Failed to load resource: the server responded with a status of 401 (Unauthorized) @ https://events.backtrace.io/api/unique-events/submit?universe=UNIVERSE&token=TOKEN:0
[1130208244ms] [ERROR] Failed to load resource: the server responded with a status of 401 (Unauthorized) @ https://events.backtrace.io/api/summed-events/submit?universe=UNIVERSE&token=TOKEN:0
[1130208510ms] [ERROR] Failed to load resource: the server responded with a status of 401 (Unauthorized) @ https://events.backtrace.io/api/unique-events/submit?universe=UNIVERSE&token=TOKEN:0
[1130229063ms] [ERROR] Failed to load resource: the server responded with a status of 401 (Unauthorized) @ https://events.backtrace.io/api/summed-events/submit?universe=UNIVERSE&token=TOKEN:0
[1130229450ms] [ERROR] Failed to load resource: the server responded with a status of 401 (Unauthorized) @ https://events.backtrace.io/api/unique-events/submit?universe=UNIVERSE&token=TOKEN:0
[1159911658ms] [ERROR] Failed to load resource: the server responded with a status of 401 (Unauthorized) @ https://events.backtrace.io/api/summed-events/submit?universe=UNIVERSE&token=TOKEN:0
[1159911782ms] [ERROR] Failed to load resource: the server responded with a status of 401 (Unauthorized) @ https://events.backtrace.io/api/unique-events/submit?universe=UNIVERSE&token=TOKEN:0
[1159922467ms] [ERROR] Failed to load resource: the server responded with a status of 401 (Unauthorized) @ https://events.backtrace.io/api/summed-events/submit?universe=UNIVERSE&token=TOKEN:0
[1159922709ms] [ERROR] Failed to load resource: the server responded with a status of 401 (Unauthorized) @ https://events.backtrace.io/api/unique-events/submit?universe=UNIVERSE&token=TOKEN:0
[1160329339ms] [ERROR] Failed to load resource: the server responded with a status of 401 (Unauthorized) @ https://events.backtrace.io/api/summed-events/submit?universe=UNIVERSE&token=TOKEN:0
[1160329723ms] [ERROR] Failed to load resource: the server responded with a status of 401 (Unauthorized) @ https://events.backtrace.io/api/unique-events/submit?universe=UNIVERSE&token=TOKEN:0
[1166387108ms] [ERROR] Failed to load resource: the server responded with a status of 401 (Unauthorized) @ https://events.backtrace.io/api/summed-events/submit?universe=UNIVERSE&token=TOKEN:0
[1166387230ms] [ERROR] Failed to load resource: the server responded with a status of 401 (Unauthorized) @ https://events.backtrace.io/api/unique-events/submit?universe=UNIVERSE&token=TOKEN:0
[1166397914ms] [ERROR] Failed to load resource: the server responded with a status of 401 (Unauthorized) @ https://events.backtrace.io/api/summed-events/submit?universe=UNIVERSE&token=TOKEN:0
[1166398169ms] [ERROR] Failed to load resource: the server responded with a status of 401 (Unauthorized) @ https://events.backtrace.io/api/unique-events/submit?universe=UNIVERSE&token=TOKEN:0
[1166418714ms] [ERROR] Failed to load resource: the server responded with a status of 401 (Unauthorized) @ https://events.backtrace.io/api/summed-events/submit?universe=UNIVERSE&token=TOKEN:0
[1166419122ms] [ERROR] Failed to load resource: the server responded with a status of 401 (Unauthorized) @ https://events.backtrace.io/api/unique-events/submit?universe=UNIVERSE&token=TOKEN:0
[1168187045ms] [ERROR] Failed to load resource: the server responded with a status of 401 (Unauthorized) @ https://events.backtrace.io/api/summed-events/submit?universe=UNIVERSE&token=TOKEN:0
[1168187166ms] [ERROR] Failed to load resource: the server responded with a status of 401 (Unauthorized) @ https://events.backtrace.io/api/unique-events/submit?universe=UNIVERSE&token=TOKEN:0
[1168197851ms] [ERROR] Failed to load resource: the server responded with a status of 401 (Unauthorized) @ https://events.backtrace.io/api/summed-events/submit?universe=UNIVERSE&token=TOKEN:0
[1168198098ms] [ERROR] Failed to load resource: the server responded with a status of 401 (Unauthorized) @ https://events.backtrace.io/api/unique-events/submit?universe=UNIVERSE&token=TOKEN:0
[1168218655ms] [ERROR] Failed to load resource: the server responded with a status of 401 (Unauthorized) @ https://events.backtrace.io/api/summed-events/submit?universe=UNIVERSE&token=TOKEN:0
[1168219127ms] [ERROR] Failed to load resource: the server responded with a status of 401 (Unauthorized) @ https://events.backtrace.io/api/unique-events/submit?universe=UNIVERSE&token=TOKEN:0
[1169998545ms] [ERROR] Failed to load resource: the server responded with a status of 401 (Unauthorized) @ https://events.backtrace.io/api/summed-events/submit?universe=UNIVERSE&token=TOKEN:0
[1169998790ms] [ERROR] Failed to load resource: the server responded with a status of 401 (Unauthorized) @ https://events.backtrace.io/api/unique-events/submit?universe=UNIVERSE&token=TOKEN:0
[1170009349ms] [ERROR] Failed to load resource: the server responded with a status of 401 (Unauthorized) @ https://events.backtrace.io/api/summed-events/submit?universe=UNIVERSE&token=TOKEN:0
[1170009845ms] [ERROR] Failed to load resource: the server responded with a status of 401 (Unauthorized) @ https://events.backtrace.io/api/unique-events/submit?universe=UNIVERSE&token=TOKEN:0
[1170030178ms] [ERROR] Failed to load resource: the server responded with a status of 401 (Unauthorized) @ https://events.backtrace.io/api/summed-events/submit?universe=UNIVERSE&token=TOKEN:0
[1170030925ms] [ERROR] Failed to load resource: the server responded with a status of 401 (Unauthorized) @ https://events.backtrace.io/api/unique-events/submit?universe=UNIVERSE&token=TOKEN:0
[1173658656ms] [ERROR] Failed to load resource: the server responded with a status of 401 (Unauthorized) @ https://events.backtrace.io/api/summed-events/submit?universe=UNIVERSE&token=TOKEN:0
[1173658924ms] [ERROR] Failed to load resource: the server responded with a status of 401 (Unauthorized) @ https://events.backtrace.io/api/unique-events/submit?universe=UNIVERSE&token=TOKEN:0
[1173669475ms] [ERROR] Failed to load resource: the server responded with a status of 401 (Unauthorized) @ https://events.backtrace.io/api/summed-events/submit?universe=UNIVERSE&token=TOKEN:0
[1173669975ms] [ERROR] Failed to load resource: the server responded with a status of 401 (Unauthorized) @ https://events.backtrace.io/api/unique-events/submit?universe=UNIVERSE&token=TOKEN:0
[1173690319ms] [ERROR] Failed to load resource: the server responded with a status of 401 (Unauthorized) @ https://events.backtrace.io/api/summed-events/submit?universe=UNIVERSE&token=TOKEN:0
[1173691065ms] [ERROR] Failed to load resource: the server responded with a status of 401 (Unauthorized) @ https://events.backtrace.io/api/unique-events/submit?universe=UNIVERSE&token=TOKEN:0
[1175458654ms] [ERROR] Failed to load resource: the server responded with a status of 401 (Unauthorized) @ https://events.backtrace.io/api/summed-events/submit?universe=UNIVERSE&token=TOKEN:0
[1175458915ms] [ERROR] Failed to load resource: the server responded with a status of 401 (Unauthorized) @ https://events.backtrace.io/api/unique-events/submit?universe=UNIVERSE&token=TOKEN:0
[1175469491ms] [ERROR] Failed to load resource: the server responded with a status of 401 (Unauthorized) @ https://events.backtrace.io/api/summed-events/submit?universe=UNIVERSE&token=TOKEN:0
[1175469980ms] [ERROR] Failed to load resource: the server responded with a status of 401 (Unauthorized) @ https://events.backtrace.io/api/unique-events/submit?universe=UNIVERSE&token=TOKEN:0
[1175518861ms] [ERROR] Failed to load resource: the server responded with a status of 401 (Unauthorized) @ https://events.backtrace.io/api/summed-events/submit?universe=UNIVERSE&token=TOKEN:0
[1175519563ms] [ERROR] Failed to load resource: the server responded with a status of 401 (Unauthorized) @ https://events.backtrace.io/api/unique-events/submit?universe=UNIVERSE&token=TOKEN:0
[1179807829ms] [ERROR] Failed to load resource: the server responded with a status of 401 (Unauthorized) @ https://events.backtrace.io/api/summed-events/submit?universe=UNIVERSE&token=TOKEN:0
[1179808049ms] [ERROR] Failed to load resource: the server responded with a status of 401 (Unauthorized) @ https://events.backtrace.io/api/unique-events/submit?universe=UNIVERSE&token=TOKEN:0
[1179818642ms] [ERROR] Failed to load resource: the server responded with a status of 401 (Unauthorized) @ https://events.backtrace.io/api/summed-events/submit?universe=UNIVERSE&token=TOKEN:0
[1179819123ms] [ERROR] Failed to load resource: the server responded with a status of 401 (Unauthorized) @ https://events.backtrace.io/api/unique-events/submit?universe=UNIVERSE&token=TOKEN:0
[1179839461ms] [ERROR] Failed to load resource: the server responded with a status of 401 (Unauthorized) @ https://events.backtrace.io/api/summed-events/submit?universe=UNIVERSE&token=TOKEN:0
[1179840228ms] [ERROR] Failed to load resource: the server responded with a status of 401 (Unauthorized) @ https://events.backtrace.io/api/unique-events/submit?universe=UNIVERSE&token=TOKEN:0
[1181642597ms] [ERROR] Failed to load resource: the server responded with a status of 401 (Unauthorized) @ https://events.backtrace.io/api/summed-events/submit?universe=UNIVERSE&token=TOKEN:0
[1181643010ms] [ERROR] Failed to load resource: the server responded with a status of 401 (Unauthorized) @ https://events.backtrace.io/api/unique-events/submit?universe=UNIVERSE&token=TOKEN:0
[1181653407ms] [ERROR] Failed to load resource: the server responded with a status of 401 (Unauthorized) @ https://events.backtrace.io/api/summed-events/submit?universe=UNIVERSE&token=TOKEN:0
[1181654126ms] [ERROR] Failed to load resource: the server responded with a status of 401 (Unauthorized) @ https://events.backtrace.io/api/unique-events/submit?universe=UNIVERSE&token=TOKEN:0
[1181674212ms] [ERROR] Failed to load resource: the server responded with a status of 401 (Unauthorized) @ https://events.backtrace.io/api/summed-events/submit?universe=UNIVERSE&token=TOKEN:0
[1181675191ms] [ERROR] Failed to load resource: the server responded with a status of 401 (Unauthorized) @ https://events.backtrace.io/api/unique-events/submit?universe=UNIVERSE&token=TOKEN:0
[1187361887ms] [ERROR] Failed to load resource: the server responded with a status of 401 (Unauthorized) @ https://events.backtrace.io/api/summed-events/submit?universe=UNIVERSE&token=TOKEN:0
[1187362189ms] [ERROR] Failed to load resource: the server responded with a status of 401 (Unauthorized) @ https://events.backtrace.io/api/unique-events/submit?universe=UNIVERSE&token=TOKEN:0
[1187373063ms] [ERROR] Failed to load resource: the server responded with a status of 401 (Unauthorized) @ https://events.backtrace.io/api/summed-events/submit?universe=UNIVERSE&token=TOKEN:0
[1187373750ms] [ERROR] Failed to load resource: the server responded with a status of 401 (Unauthorized) @ https://events.backtrace.io/api/unique-events/submit?universe=UNIVERSE&token=TOKEN:0
[1187393863ms] [ERROR] Failed to load resource: the server responded with a status of 401 (Unauthorized) @ https://events.backtrace.io/api/summed-events/submit?universe=UNIVERSE&token=TOKEN:0
[1187394855ms] [ERROR] Failed to load resource: the server responded with a status of 401 (Unauthorized) @ https://events.backtrace.io/api/unique-events/submit?universe=UNIVERSE&token=TOKEN:0
[1191806068ms] [ERROR] Failed to load resource: the server responded with a status of 401 (Unauthorized) @ https://events.backtrace.io/api/summed-events/submit?universe=UNIVERSE&token=TOKEN:0
[1191806386ms] [ERROR] Failed to load resource: the server responded with a status of 401 (Unauthorized) @ https://events.backtrace.io/api/unique-events/submit?universe=UNIVERSE&token=TOKEN:0
[1191816874ms] [ERROR] Failed to load resource: the server responded with a status of 401 (Unauthorized) @ https://events.backtrace.io/api/summed-events/submit?universe=UNIVERSE&token=TOKEN:0
[1191817485ms] [ERROR] Failed to load resource: the server responded with a status of 401 (Unauthorized) @ https://events.backtrace.io/api/unique-events/submit?universe=UNIVERSE&token=TOKEN:0
[1191837700ms] [ERROR] Failed to load resource: the server responded with a status of 401 (Unauthorized) @ https://events.backtrace.io/api/summed-events/submit?universe=UNIVERSE&token=TOKEN:0
[1191838584ms] [ERROR] Failed to load resource: the server responded with a status of 401 (Unauthorized) @ https://events.backtrace.io/api/unique-events/submit?universe=UNIVERSE&token=TOKEN:0
[1193606018ms] [ERROR] Failed to load resource: the server responded with a status of 401 (Unauthorized) @ https://events.backtrace.io/api/summed-events/submit?universe=UNIVERSE&token=TOKEN:0
[1193606270ms] [ERROR] Failed to load resource: the server responded with a status of 401 (Unauthorized) @ https://events.backtrace.io/api/unique-events/submit?universe=UNIVERSE&token=TOKEN:0
[1193616819ms] [ERROR] Failed to load resource: the server responded with a status of 401 (Unauthorized) @ https://events.backtrace.io/api/summed-events/submit?universe=UNIVERSE&token=TOKEN:0
[1193617351ms] [ERROR] Failed to load resource: the server responded with a status of 401 (Unauthorized) @ https://events.backtrace.io/api/unique-events/submit?universe=UNIVERSE&token=TOKEN:0
[1193637620ms] [ERROR] Failed to load resource: the server responded with a status of 401 (Unauthorized) @ https://events.backtrace.io/api/summed-events/submit?universe=UNIVERSE&token=TOKEN:0
[1193638421ms] [ERROR] Failed to load resource: the server responded with a status of 401 (Unauthorized) @ https://events.backtrace.io/api/unique-events/submit?universe=UNIVERSE&token=TOKEN:0
[1195405815ms] [ERROR] Failed to load resource: the server responded with a status of 401 (Unauthorized) @ https://events.backtrace.io/api/summed-events/submit?universe=UNIVERSE&token=TOKEN:0
[1195406052ms] [ERROR] Failed to load resource: the server responded with a status of 401 (Unauthorized) @ https://events.backtrace.io/api/unique-events/submit?universe=UNIVERSE&token=TOKEN:0
[1195416659ms] [ERROR] Failed to load resource: the server responded with a status of 401 (Unauthorized) @ https://events.backtrace.io/api/summed-events/submit?universe=UNIVERSE&token=TOKEN:0
[1195417139ms] [ERROR] Failed to load resource: the server responded with a status of 401 (Unauthorized) @ https://events.backtrace.io/api/unique-events/submit?universe=UNIVERSE&token=TOKEN:0
[1195437472ms] [ERROR] Failed to load resource: the server responded with a status of 401 (Unauthorized) @ https://events.backtrace.io/api/summed-events/submit?universe=UNIVERSE&token=TOKEN:0
[1195438200ms] [ERROR] Failed to load resource: the server responded with a status of 401 (Unauthorized) @ https://events.backtrace.io/api/unique-events/submit?universe=UNIVERSE&token=TOKEN:0
[1197205716ms] [ERROR] Failed to load resource: the server responded with a status of 401 (Unauthorized) @ https://events.backtrace.io/api/summed-events/submit?universe=UNIVERSE&token=TOKEN:0
[1197205999ms] [ERROR] Failed to load resource: the server responded with a status of 401 (Unauthorized) @ https://events.backtrace.io/api/unique-events/submit?universe=UNIVERSE&token=TOKEN:0
[1197216594ms] [ERROR] Failed to load resource: the server responded with a status of 401 (Unauthorized) @ https://events.backtrace.io/api/summed-events/submit?universe=UNIVERSE&token=TOKEN:0
[1197217058ms] [ERROR] Failed to load resource: the server responded with a status of 401 (Unauthorized) @ https://events.backtrace.io/api/unique-events/submit?universe=UNIVERSE&token=TOKEN:0
[1197237396ms] [ERROR] Failed to load resource: the server responded with a status of 401 (Unauthorized) @ https://events.backtrace.io/api/summed-events/submit?universe=UNIVERSE&token=TOKEN:0
[1197238157ms] [ERROR] Failed to load resource: the server responded with a status of 401 (Unauthorized) @ https://events.backtrace.io/api/unique-events/submit?universe=UNIVERSE&token=TOKEN:0
[1208735179ms] [ERROR] Failed to load resource: the server responded with a status of 401 (Unauthorized) @ https://events.backtrace.io/api/summed-events/submit?universe=UNIVERSE&token=TOKEN:0
[1208735439ms] [ERROR] Failed to load resource: the server responded with a status of 401 (Unauthorized) @ https://events.backtrace.io/api/unique-events/submit?universe=UNIVERSE&token=TOKEN:0
[1208746020ms] [ERROR] Failed to load resource: the server responded with a status of 401 (Unauthorized) @ https://events.backtrace.io/api/summed-events/submit?universe=UNIVERSE&token=TOKEN:0
[1208746522ms] [ERROR] Failed to load resource: the server responded with a status of 401 (Unauthorized) @ https://events.backtrace.io/api/unique-events/submit?universe=UNIVERSE&token=TOKEN:0
[1209672224ms] [ERROR] Failed to load resource: the server responded with a status of 401 (Unauthorized) @ https://events.backtrace.io/api/summed-events/submit?universe=UNIVERSE&token=TOKEN:0
[1209672972ms] [ERROR] Failed to load resource: the server responded with a status of 401 (Unauthorized) @ https://events.backtrace.io/api/unique-events/submit?universe=UNIVERSE&token=TOKEN:0
[1231839617ms] [ERROR] Failed to load resource: the server responded with a status of 401 (Unauthorized) @ https://events.backtrace.io/api/summed-events/submit?universe=UNIVERSE&token=TOKEN:0
[1231839873ms] [ERROR] Failed to load resource: the server responded with a status of 401 (Unauthorized) @ https://events.backtrace.io/api/unique-events/submit?universe=UNIVERSE&token=TOKEN:0
[1231850460ms] [ERROR] Failed to load resource: the server responded with a status of 401 (Unauthorized) @ https://events.backtrace.io/api/summed-events/submit?universe=UNIVERSE&token=TOKEN:0
[1231850940ms] [ERROR] Failed to load resource: the server responded with a status of 401 (Unauthorized) @ https://events.backtrace.io/api/unique-events/submit?universe=UNIVERSE&token=TOKEN:0
[1232732381ms] [ERROR] Failed to load resource: net::ERR_INTERNET_DISCONNECTED @ https://events.backtrace.io/api/summed-events/submit?universe=UNIVERSE&token=TOKEN:0
[1232732849ms] [ERROR] Failed to load resource: net::ERR_INTERNET_DISCONNECTED @ https://events.backtrace.io/api/unique-events/submit?universe=UNIVERSE&token=TOKEN:0
[1261585049ms] [ERROR] Failed to load resource: the server responded with a status of 401 (Unauthorized) @ https://events.backtrace.io/api/summed-events/submit?universe=UNIVERSE&token=TOKEN:0
[1261585259ms] [ERROR] Failed to load resource: the server responded with a status of 401 (Unauthorized) @ https://events.backtrace.io/api/unique-events/submit?universe=UNIVERSE&token=TOKEN:0
[1261596150ms] [ERROR] Failed to load resource: the server responded with a status of 401 (Unauthorized) @ https://events.backtrace.io/api/summed-events/submit?universe=UNIVERSE&token=TOKEN:0
[1261596859ms] [ERROR] Failed to load resource: the server responded with a status of 401 (Unauthorized) @ https://events.backtrace.io/api/unique-events/submit?universe=UNIVERSE&token=TOKEN:0
[1261616952ms] [ERROR] Failed to load resource: the server responded with a status of 401 (Unauthorized) @ https://events.backtrace.io/api/summed-events/submit?universe=UNIVERSE&token=TOKEN:0
[1261617969ms] [ERROR] Failed to load resource: the server responded with a status of 401 (Unauthorized) @ https://events.backtrace.io/api/unique-events/submit?universe=UNIVERSE&token=TOKEN:0
[1286801222ms] [ERROR] Failed to load resource: the server responded with a status of 401 (Unauthorized) @ https://events.backtrace.io/api/summed-events/submit?universe=UNIVERSE&token=TOKEN:0
[1286801486ms] [ERROR] Failed to load resource: the server responded with a status of 401 (Unauthorized) @ https://events.backtrace.io/api/unique-events/submit?universe=UNIVERSE&token=TOKEN:0
[1286812058ms] [ERROR] Failed to load resource: the server responded with a status of 401 (Unauthorized) @ https://events.backtrace.io/api/summed-events/submit?universe=UNIVERSE&token=TOKEN:0
[1286813095ms] [ERROR] Failed to load resource: the server responded with a status of 401 (Unauthorized) @ https://events.backtrace.io/api/unique-events/submit?universe=UNIVERSE&token=TOKEN:0
[1286832905ms] [ERROR] Failed to load resource: the server responded with a status of 401 (Unauthorized) @ https://events.backtrace.io/api/summed-events/submit?universe=UNIVERSE&token=TOKEN:0
[1286834166ms] [ERROR] Failed to load resource: the server responded with a status of 401 (Unauthorized) @ https://events.backtrace.io/api/unique-events/submit?universe=UNIVERSE&token=TOKEN:0
[1308558026ms] [ERROR] Failed to load resource: the server responded with a status of 401 (Unauthorized) @ https://events.backtrace.io/api/summed-events/submit?universe=UNIVERSE&token=TOKEN:0
[1308558259ms] [ERROR] Failed to load resource: the server responded with a status of 401 (Unauthorized) @ https://events.backtrace.io/api/unique-events/submit?universe=UNIVERSE&token=TOKEN:0
[1308568878ms] [ERROR] Failed to load resource: the server responded with a status of 401 (Unauthorized) @ https://events.backtrace.io/api/summed-events/submit?universe=UNIVERSE&token=TOKEN:0
[1308569329ms] [ERROR] Failed to load resource: the server responded with a status of 401 (Unauthorized) @ https://events.backtrace.io/api/unique-events/submit?universe=UNIVERSE&token=TOKEN:0
[1308589689ms] [ERROR] Failed to load resource: the server responded with a status of 401 (Unauthorized) @ https://events.backtrace.io/api/summed-events/submit?universe=UNIVERSE&token=TOKEN:0
[1308590442ms] [ERROR] Failed to load resource: the server responded with a status of 401 (Unauthorized) @ https://events.backtrace.io/api/unique-events/submit?universe=UNIVERSE&token=TOKEN:0
[1331346854ms] [ERROR] Failed to load resource: the server responded with a status of 401 (Unauthorized) @ https://events.backtrace.io/api/summed-events/submit?universe=UNIVERSE&token=TOKEN:0
[1331347032ms] [ERROR] Failed to load resource: the server responded with a status of 401 (Unauthorized) @ https://events.backtrace.io/api/unique-events/submit?universe=UNIVERSE&token=TOKEN:0
[1331357691ms] [ERROR] Failed to load resource: the server responded with a status of 401 (Unauthorized) @ https://events.backtrace.io/api/summed-events/submit?universe=UNIVERSE&token=TOKEN:0
[1331358095ms] [ERROR] Failed to load resource: the server responded with a status of 401 (Unauthorized) @ https://events.backtrace.io/api/unique-events/submit?universe=UNIVERSE&token=TOKEN:0
[1331378527ms] [ERROR] Failed to load resource: the server responded with a status of 401 (Unauthorized) @ https://events.backtrace.io/api/summed-events/submit?universe=UNIVERSE&token=TOKEN:0
[1331379150ms] [ERROR] Failed to load resource: the server responded with a status of 401 (Unauthorized) @ https://events.backtrace.io/api/unique-events/submit?universe=UNIVERSE&token=TOKEN:0
[1338596452ms] [ERROR] Failed to load resource: the server responded with a status of 401 (Unauthorized) @ https://events.backtrace.io/api/summed-events/submit?universe=UNIVERSE&token=TOKEN:0
[1338596714ms] [ERROR] Failed to load resource: the server responded with a status of 401 (Unauthorized) @ https://events.backtrace.io/api/unique-events/submit?universe=UNIVERSE&token=TOKEN:0
[1338607264ms] [ERROR] Failed to load resource: the server responded with a status of 401 (Unauthorized) @ https://events.backtrace.io/api/summed-events/submit?universe=UNIVERSE&token=TOKEN:0
[1338607815ms] [ERROR] Failed to load resource: the server responded with a status of 401 (Unauthorized) @ https://events.backtrace.io/api/unique-events/submit?universe=UNIVERSE&token=TOKEN:0
[1338628071ms] [ERROR] Failed to load resource: the server responded with a status of 401 (Unauthorized) @ https://events.backtrace.io/api/summed-events/submit?universe=UNIVERSE&token=TOKEN:0
[1338628934ms] [ERROR] Failed to load resource: the server responded with a status of 401 (Unauthorized) @ https://events.backtrace.io/api/unique-events/submit?universe=UNIVERSE&token=TOKEN:0
[1340482038ms] [ERROR] Failed to load resource: the server responded with a status of 401 (Unauthorized) @ https://events.backtrace.io/api/unique-events/submit?universe=UNIVERSE&token=TOKEN:0
[1340482040ms] [ERROR] Failed to load resource: the server responded with a status of 401 (Unauthorized) @ https://events.backtrace.io/api/summed-events/submit?universe=UNIVERSE&token=TOKEN:0
[1340482354ms] [ERROR] Failed to load resource: the server responded with a status of 401 (Unauthorized) @ https://events.backtrace.io/api/unique-events/submit?universe=UNIVERSE&token=TOKEN:0
[1340492858ms] [ERROR] Failed to load resource: the server responded with a status of 401 (Unauthorized) @ https://events.backtrace.io/api/unique-events/submit?universe=UNIVERSE&token=TOKEN:0
[1340492908ms] [ERROR] Failed to load resource: the server responded with a status of 401 (Unauthorized) @ https://events.backtrace.io/api/summed-events/submit?universe=UNIVERSE&token=TOKEN:0
[1340493423ms] [ERROR] Failed to load resource: the server responded with a status of 401 (Unauthorized) @ https://events.backtrace.io/api/unique-events/submit?universe=UNIVERSE&token=TOKEN:0
[1340513665ms] [ERROR] Failed to load resource: the server responded with a status of 401 (Unauthorized) @ https://events.backtrace.io/api/unique-events/submit?universe=UNIVERSE&token=TOKEN:0
[1340513698ms] [ERROR] Failed to load resource: the server responded with a status of 401 (Unauthorized) @ https://events.backtrace.io/api/summed-events/submit?universe=UNIVERSE&token=TOKEN:0
[1340514093ms] [ERROR] Failed to load resource: the server responded with a status of 401 (Unauthorized) @ https://events.backtrace.io/api/unique-events/submit?universe=UNIVERSE&token=TOKEN:0
[1347134281ms] [ERROR] Failed to load resource: the server responded with a status of 401 (Unauthorized) @ https://events.backtrace.io/api/summed-events/submit?universe=UNIVERSE&token=TOKEN:0
[1347134537ms] [ERROR] Failed to load resource: the server responded with a status of 401 (Unauthorized) @ https://events.backtrace.io/api/unique-events/submit?universe=UNIVERSE&token=TOKEN:0
[1347145097ms] [ERROR] Failed to load resource: the server responded with a status of 401 (Unauthorized) @ https://events.backtrace.io/api/summed-events/submit?universe=UNIVERSE&token=TOKEN:0
[1347145587ms] [ERROR] Failed to load resource: the server responded with a status of 401 (Unauthorized) @ https://events.backtrace.io/api/unique-events/submit?universe=UNIVERSE&token=TOKEN:0
[1347165934ms] [ERROR] Failed to load resource: the server responded with a status of 401 (Unauthorized) @ https://events.backtrace.io/api/summed-events/submit?universe=UNIVERSE&token=TOKEN:0
[1347166671ms] [ERROR] Failed to load resource: the server responded with a status of 401 (Unauthorized) @ https://events.backtrace.io/api/unique-events/submit?universe=UNIVERSE&token=TOKEN:0
